// Jest Snapshot v1, https://goo.gl/fbAQLP

exports[`Merge component renders and matches snapshot 1`] = `
<DocumentFragment>
  <svg>
    <g
      class="line-diagram-svg__merge"
    >
      <line
        class="line-diagram-svg__line"
        stroke-width="10px"
        x1="10px"
        x2="10px"
        y1="150px"
        y2="290px"
      />
      <path
        d="M10,250 v-34 a-6,-6 0 0 0 -6,-6 h6"
        stroke-width="10px"
      />
      <path
        d="M10,170 v46 a-6,-6 0 0 0 -6,-6 h6"
        stroke-width="10px"
      />
    </g>
  </svg>
</DocumentFragment>
`;
