// Jest Snapshot v1, https://goo.gl/fbAQLP

exports[`StopCard renders and matches snapshot 1`] = `
<DocumentFragment>
  <li
    class="m-schedule-diagram__stop"
    style="padding-left: 36px;"
  >
    <section
      class="m-schedule-diagram__content"
    >
      <header
        class="m-schedule-diagram__stop-heading"
      >
        <h4
          class="m-schedule-diagram__stop-link notranslate"
        >
          <a
            href="/stops/line-origin"
          >
            <span>
              Origin
            </span>
          </a>
        </h4>
        <div
          class="m-schedule-diagram__features"
        >
          <span
            data-animation="true"
            data-html="false"
            data-original-title="Parking"
            data-placement="bottom"
            data-selector="true"
            data-toggle="tooltip"
            data-trigger="hover focus"
          >
            <i
              aria-hidden="false"
              class="fa fa-square-parking notranslate m-schedule-diagram__feature-icon"
            />
          </span>
          <span
            data-animation="true"
            data-html="false"
            data-original-title="Accessible"
            data-placement="bottom"
            data-selector="true"
            data-toggle="tooltip"
            data-trigger="hover focus"
          >
            <span
              aria-hidden="false"
              class="notranslate c-svg__icon-acessible-default m-schedule-diagram__feature-icon"
            >
              SVG
            </span>
          </span>
        </div>
      </header>
      <div
        class="m-schedule-diagram__stop-details"
      >
        <div
          class="m-schedule-diagram__connections"
        />
        <div
          class="m-schedule-diagram__alert"
        >
          Detour
        </div>
      </div>
      <footer
        class="m-schedule-diagram__footer"
      >
        <button
          class="btn btn-link"
          type="button"
        >
          View schedule
        </button>
      </footer>
    </section>
  </li>
</DocumentFragment>
`;
