// Jest Snapshot v1, https://goo.gl/fbAQLP

exports[`VehicleIcons with vehicles renders and matches snapshot 1`] = `
<DocumentFragment>
  <div
    class="m-schedule-diagram__vehicle"
    style="top: 30px; left: 8px;"
  >
    <span
      data-animation="false"
      data-html="true"
      data-original-title="<div class=\\"m-schedule-diagram__vehicle-tooltip\\">vehicle 1 tooltip text</div>"
      data-placement="right"
      data-selector="true"
      data-toggle="tooltip"
      data-trigger="hover focus"
    >
      <span
        aria-hidden="false"
        class="notranslate m-schedule-diagram__vehicle--icon"
      >
        SVG
      </span>
    </span>
  </div>
  <div
    class="m-schedule-diagram__vehicle"
    style="top: 55px; left: 8px;"
  >
    <span
      data-animation="false"
      data-html="true"
      data-original-title="<div class=\\"m-schedule-diagram__vehicle-tooltip\\">vehicle 2 tooltip text</div>"
      data-placement="right"
      data-selector="true"
      data-toggle="tooltip"
      data-trigger="hover focus"
    >
      <span
        aria-hidden="false"
        class="notranslate m-schedule-diagram__vehicle--icon"
      >
        SVG
      </span>
    </span>
  </div>
  <div
    class="m-schedule-diagram__vehicle"
    style="top: 70px; left: 8px;"
  >
    <span
      data-animation="false"
      data-html="true"
      data-original-title="<div class=\\"m-schedule-diagram__vehicle-tooltip\\">vehicle 3 tooltip text</div>"
      data-placement="right"
      data-selector="true"
      data-toggle="tooltip"
      data-trigger="hover focus"
    >
      <span
        aria-hidden="false"
        class="notranslate m-schedule-diagram__vehicle--icon"
      >
        SVG
      </span>
    </span>
  </div>
</DocumentFragment>
`;
